serpent: bootstrapping missing dependencies via _download-deps.bat: --python --gcc
Destination: C:\Users\M\Documents\Coding\serpent\tools

=== GCC (MinGW-w64, 16.1.0posix-14.0.0-ucrt-r2) ===
Downloading https://github.com/brechtsanders/winlibs_mingw/releases/download/16.1.0posix-14.0.0-ucrt-r2/winlibs-x86_64-posix-seh-gcc-16.1.0-mingw-w64ucrt-14.0.0-r2.zip
This is a large file (~275 MB); be patient.

#=#=#                                                                          
                                                                           0.1%
                                                                           0.6%
                                                                           1.1%
#                                                                          1.6%
#                                                                          2.2%
#                                                                          2.7%
##                                                                         3.2%
##                                                                         3.7%
###                                                                        4.2%
###                                                                        4.7%
###                                                                        5.2%
####                                                                       5.7%
####                                                                       6.3%
####                                                                       6.8%
#####                                                                      7.3%
#####                                                                      7.8%
#####                                                                      8.3%
######                                                                     8.8%
######                                                                     9.3%
#######                                                                    9.8%
#######                                                                   10.4%
#######                                                                   10.9%
########                                                                  11.4%
########                                                                  11.9%
########                                                                  12.4%
#########                                                                 12.8%
#########                                                                 13.3%
#########                                                                 13.8%
##########                                                                14.3%
##########                                                                14.8%
###########                                                               15.3%
###########                                                               15.9%
###########                                                               16.4%
############                                                              16.9%
############                                                              17.4%
############                                                              17.9%
#############                                                             18.4%
#############                                                             18.9%
#############                                                             19.4%
##############                                                            19.9%
##############                                                            20.5%
###############                                                           21.0%
###############                                                           21.5%
###############                                                           22.0%
################                                                          22.5%
################                                                          23.0%
################                                                          23.5%
#################                                                         24.0%
#################                                                         24.6%
##################                                                        25.1%
##################                                                        25.6%
##################                                                        26.1%
###################                                                       26.6%
###################                                                       27.1%
###################                                                       27.6%
####################                                                      28.1%
####################                                                      28.6%
####################                                                      29.1%
#####################                                                     29.6%
#####################                                                     30.1%
######################                                                    30.6%
######################                                                    31.2%
######################                                                    31.7%
#######################                                                   32.2%
#######################                                                   32.7%
#######################                                                   33.2%
########################                                                  33.7%
########################                                                  34.2%
#########################                                                 34.7%
#########################                                                 35.3%
#########################                                                 35.8%
##########################                                                36.3%
##########################                                                36.8%
##########################                                                37.3%
###########################                                               37.8%
###########################                                               38.3%
###########################                                               38.8%
############################                                              39.4%
############################                                              39.9%
#############################                                             40.4%
#############################                                             40.9%
#############################                                             41.4%
##############################                                            41.9%
##############################                                            42.4%
##############################                                            42.9%
###############################                                           43.5%
###############################                                           44.0%
################################                                          44.5%
################################                                          45.0%
################################                                          45.5%
#################################                                         46.0%
#################################                                         46.5%
#################################                                         47.0%
##################################                                        47.6%
##################################                                        48.0%
##################################                                        48.1%
##################################                                        48.3%
##################################                                        48.5%
###################################                                       48.7%
###################################                                       48.9%
###################################                                       49.1%
###################################                                       49.3%
###################################                                       49.5%
###################################                                       50.0%
####################################                                      50.5%
####################################                                      51.0%
#####################################                                     51.5%
#####################################                                     52.0%
#####################################                                     52.5%
######################################                                    53.1%
######################################                                    53.6%
######################################                                    54.1%
#######################################                                   54.6%
#######################################                                   55.1%
########################################                                  55.6%
########################################                                  56.1%
########################################                                  56.6%
#########################################                                 57.2%
#########################################                                 57.7%
#########################################                                 58.2%
##########################################                                58.7%
##########################################                                59.2%
###########################################                               59.7%
###########################################                               60.2%
###########################################                               60.8%
############################################                              61.3%
############################################                              61.8%
############################################                              62.3%
#############################################                             62.8%
#############################################                             63.3%
#############################################                             63.8%
##############################################                            64.3%
##############################################                            64.9%
###############################################                           65.4%
###############################################                           65.8%
###############################################                           66.3%
################################################                          66.9%
################################################                          67.4%
################################################                          67.9%
#################################################                         68.4%
#################################################                         68.9%
#################################################                         69.4%
##################################################                        69.9%
##################################################                        70.5%
###################################################                       71.0%
###################################################                       71.5%
###################################################                       72.0%
####################################################                      72.5%
####################################################                      73.0%
####################################################                      73.5%
#####################################################                     74.0%
#####################################################                     74.6%
######################################################                    75.1%
######################################################                    75.6%
######################################################                    76.1%
#######################################################                   76.6%
#######################################################                   77.1%
#######################################################                   77.6%
########################################################                  78.1%
########################################################                  78.7%
#########################################################                 79.2%
#########################################################                 79.7%
#########################################################                 80.2%
##########################################################                80.7%
##########################################################                81.2%
##########################################################                81.7%
###########################################################               82.2%
###########################################################               82.8%
###########################################################               83.3%
############################################################              83.8%
############################################################              84.3%
#############################################################             84.8%
#############################################################             85.3%
#############################################################             85.8%
##############################################################            86.4%
##############################################################            86.9%
##############################################################            87.4%
###############################################################           87.9%
###############################################################           88.4%
################################################################          88.9%
################################################################          89.4%
################################################################          89.9%
#################################################################         90.5%
#################################################################         91.0%
#################################################################         91.5%
##################################################################        92.0%
##################################################################        92.5%
##################################################################        93.0%
###################################################################       93.5%
###################################################################       94.0%
####################################################################      94.6%
####################################################################      95.1%
####################################################################      95.6%
#####################################################################     96.1%
#####################################################################     96.6%
#####################################################################     97.1%
######################################################################    97.6%
######################################################################    98.1%
#######################################################################   98.7%
#######################################################################   99.2%
#######################################################################   99.7%
######################################################################## 100.0%
Extracting...
OK: C:\Users\M\Documents\Coding\serpent\tools\mingw64\bin\gcc.exe

=== Python 3.12.7 (embeddable) ===
Downloading https://www.python.org/ftp/python/3.12.7/python-3.12.7-embed-amd64.zip

#=#=#                                                                          
#                                                                          2.5%
##########                                                                15.0%
###################                                                       27.5%
#############################                                             40.3%
######################################                                    53.0%
###############################################                           65.8%
########################################################                  78.5%
###########################################################               82.8%
######################################################################## 100.0%
Extracting...
OK: C:\Users\M\Documents\Coding\serpent\tools\python\python.exe


=== All requested dependencies installed ===
  gcc:    C:\Users\M\Documents\Coding\serpent\tools\mingw64\bin\gcc.exe
  python: C:\Users\M\Documents\Coding\serpent\tools\python\python.exe

To use with serpent, pass them explicitly:
  --gcc  "C:\Users\M\Documents\Coding\serpent\tools\mingw64\bin\gcc.exe"

Or set environment variables:
  set SERPENT_GCC=C:\Users\M\Documents\Coding\serpent\tools\mingw64\bin\gcc.exe
C:\Users\M\Documents\Coding\serpent\tools\python\python.exe: No module named serpent
